Internal Server Error: /
Traceback (most recent call last):
  File "C:\Projects\Gcommunications\myvenv\Lib\site-packages\django\utils\datastructures.py", line 84, in __getitem__
    list_ = super().__getitem__(key)
            ^^^^^^^^^^^^^^^^^^^^^^^^
KeyError: 'empid'

During handling of the above exception, another exception occurred:

Traceback (most recent call last):
  File "C:\Projects\Gcommunications\myvenv\Lib\site-packages\django\core\handlers\exception.py", line 55, in inner
    response = get_response(request)
               ^^^^^^^^^^^^^^^^^^^^^
  File "C:\Projects\Gcommunications\myvenv\Lib\site-packages\django\core\handlers\base.py", line 197, in _get_response
    response = wrapped_callback(request, *callback_args, **callback_kwargs)
               ^^^^^^^^^^^^^^^^^^^^^^^^^^^^^^^^^^^^^^^^^^^^^^^^^^^^^^^^^^^^
  File "C:\Projects\Gcommunications\app\views.py", line 108, in index2
    empid = request.GET['empid']
            ~~~~~~~~~~~^^^^^^^^^
  File "C:\Projects\Gcommunications\myvenv\Lib\site-packages\django\utils\datastructures.py", line 86, in __getitem__
    raise MultiValueDictKeyError(key)
django.utils.datastructures.MultiValueDictKeyError: 'empid'
"GET / HTTP/1.1" 500 145
Internal Server Error: /
Traceback (most recent call last):
  File "C:\Projects\Gcommunications\myvenv\Lib\site-packages\django\utils\datastructures.py", line 84, in __getitem__
    list_ = super().__getitem__(key)
            ^^^^^^^^^^^^^^^^^^^^^^^^
KeyError: 'empid'

During handling of the above exception, another exception occurred:

Traceback (most recent call last):
  File "C:\Projects\Gcommunications\myvenv\Lib\site-packages\django\core\handlers\exception.py", line 55, in inner
    response = get_response(request)
               ^^^^^^^^^^^^^^^^^^^^^
  File "C:\Projects\Gcommunications\myvenv\Lib\site-packages\django\core\handlers\base.py", line 197, in _get_response
    response = wrapped_callback(request, *callback_args, **callback_kwargs)
               ^^^^^^^^^^^^^^^^^^^^^^^^^^^^^^^^^^^^^^^^^^^^^^^^^^^^^^^^^^^^
  File "C:\Projects\Gcommunications\app\views.py", line 108, in index2
    empid = request.GET['empid']
            ~~~~~~~~~~~^^^^^^^^^
  File "C:\Projects\Gcommunications\myvenv\Lib\site-packages\django\utils\datastructures.py", line 86, in __getitem__
    raise MultiValueDictKeyError(key)
django.utils.datastructures.MultiValueDictKeyError: 'empid'
"GET / HTTP/1.1" 500 145
